<html>
<body>
<pre>
<h1>µVision Build Log</h1>
<h2>Tool Versions:</h2>
IDE-Version: µVision V5.39.0.0
Copyright (C) 2023 ARM Ltd and ARM Germany GmbH. All rights reserved.
License Information: THI THI, THI, LIC=----
 
Tool Versions:
Toolchain:       MDK-Lite  Version: 5.39.0.0
Toolchain Path:  C:\Keil_v5\ARM\ARMCLANG\Bin
C Compiler:      ArmClang.exe V6.21
Assembler:       Armasm.exe V6.21
Linker/Locator:  ArmLink.exe V6.21
Library Manager: ArmAr.exe V6.21
Hex Converter:   FromElf.exe V6.21
CPU DLL:         SARMCM3.DLL V5.39.0.0
Dialog DLL:      DCM.DLL V1.17.5.0
Target DLL:      STLink\ST-LINKIII-KEIL_SWO.dll V3.2.0.0
Dialog DLL:      TCM.DLL V1.56.4.0
 
<h2>Project:</h2>
H:\SoSe 2024\Info 2 Praktikum\MC\MC_Praktikum_2024_V1.5\mc-praktikum\MC_Praktikum.uvprojx
Project File Date:  04/11/2024

<h2>Output:</h2>
*** Using Compiler 'V6.21', folder: 'C:\Keil_v5\ARM\ARMCLANG\Bin'
Build target 'Discovery Board - RAM'
main.c(4): warning: In file included from...
./display.h(20): warning: invalid UTF-8 in comment [-Winvalid-utf8]
   20 | // L<F6>schen des Displays (in der angegebenen Farbe)
      |     ^
./display.h(31): warning: invalid UTF-8 in comment [-Winvalid-utf8]
   31 | // Wichtig: die folgende Funktion muss zur Verf<FC>gung gestellt werden 
      |                                                ^
main.c(80): warning: a function declaration without a prototype is deprecated in all versions of C [-Wstrict-prototypes]
   80 | void TIM7_Init()
      |               ^
      |                void
main.c(93): warning: a function declaration without a prototype is deprecated in all versions of C [-Wstrict-prototypes]
   93 | void LEDs_InitPorts()
      |                    ^
      |                     void
main.c(128): warning: unused parameter 'data' [-Wunused-parameter]
  128 | void LEDs_Write(uint16_t data)
      |                          ^
main.c(128): warning: no previous prototype for function 'LEDs_Write' [-Wmissing-prototypes]
  128 | void LEDs_Write(uint16_t data)
      |      ^
main.c(128): note: declare 'static' if the function is not intended to be used outside of this translation unit
  128 | void LEDs_Write(uint16_t data)
      | ^
      | static 
main.c(24): warning: no previous extern declaration for non-static variable 'sys_time' [-Wmissing-variable-declarations]
   24 | char sys_time[10];
      |      ^
main.c(24): note: declare 'static' if the variable is not intended to be used outside of this translation unit
   24 | char sys_time[10];
      | ^
7 warnings generated.
compiling main.c...
linking...
Program Size: Code=9088 RO-data=9188 RW-data=4 ZI-data=1660  
".\Objects\MCPraktikum.axf" - 0 Error(s), 7 Warning(s).

<h2>Software Packages used:</h2>

Package Vendor: ARM
                http://www.keil.com/pack/ARM.CMSIS.5.9.0.pack
                ARM::CMSIS@5.9.0
                CMSIS (Common Microcontroller Software Interface Standard)
   * Component: CORE Version: 5.6.0

Package Vendor: Keil
                https://www.keil.com/pack/Keil.STM32F4xx_DFP.2.17.1.pack
                Keil::STM32F4xx_DFP@2.17.1
                STMicroelectronics STM32F4 Series Device Support, Drivers and Examples
   * Component: Startup Version: 2.6.3

<h2>Collection of Component include folders:</h2>
  ./RTE/_Discovery_Board_-_RAM
  C:/bin/Arm/CMSIS/5.9.0/CMSIS/Core/Include
  C:/bin/Keil/STM32F4xx_DFP/2.17.1/Drivers/CMSIS/Device/ST/STM32F4xx/Include

<h2>Collection of Component Files used:</h2>

   * Component: ARM::CMSIS:CORE@5.6.0

   * Component: Keil::Device:Startup@2.6.3
      Source file:   MDK/Device/Source/ARM/STM32F40xxx_41xxx_OPT.s
      Source file:   Drivers/CMSIS/Device/ST/STM32F4xx/Source/Templates/arm/startup_stm32f407xx.s
      Source file:   MDK/Device/Source/ARM/STM32F4xx_OTP.s
      Include file:  Drivers/CMSIS/Device/ST/STM32F4xx/Include/stm32f4xx.h
      Source file:   Drivers/CMSIS/Device/ST/STM32F4xx/Source/Templates/system_stm32f4xx.c
Build Time Elapsed:  00:00:02
</pre>
</body>
</html>
